Microchip Technology Inc, v1.36 (B)

Tool Name:
  c:\program files\microchip\xc16\v1.36\bin\bin\..\bin/elf-ld.exe

Command:
  -p24FJ64GA002 \
  -o \
  dist/default/production/Modbus_Master_PIC.X.production.elf \
  -Lc:/program files/microchip/xc16/v1.36/bin/bin/.. \
  -Lc:/program files/microchip/xc16/v1.36/bin/bin/../../lib \
  -Lc:/program files/microchip/xc16/v1.36/bin/bin/../../support/PIC24E/gld \
  -Lc:/program files/microchip/xc16/v1.36/bin/bin/../../support/PIC24F/gld \
  -Lc:/program files/microchip/xc16/v1.36/bin/bin/../../support/PIC24H/gld \
  -Lc:/program files/microchip/xc16/v1.36/bin/bin/../../support/dsPIC30F/gld \
  -Lc:/program files/microchip/xc16/v1.36/bin/bin/../../support/dsPIC33C/gld \
  -Lc:/program files/microchip/xc16/v1.36/bin/bin/../../support/dsPIC33E/gld \
  -Lc:/program files/microchip/xc16/v1.36/bin/bin/../../support/dsPIC33F/gld \
  build/default/production/mcc_generated_files/tmr1.o \
  build/default/production/mcc_generated_files/system.o \
  build/default/production/mcc_generated_files/clock.o \
  build/default/production/mcc_generated_files/traps.o \
  build/default/production/mcc_generated_files/ext_int.o \
  build/default/production/mcc_generated_files/interrupt_manager.o \
  build/default/production/mcc_generated_files/mcc.o \
  build/default/production/mcc_generated_files/uart1.o \
  build/default/production/mcc_generated_files/pin_manager.o \
  build/default/production/mcc_generated_files/uart2.o \
  build/default/production/mcc_generated_files/CRC.o \
  build/default/production/main.o \
  --defsym=__MPLAB_BUILD=1 \
  -Tp24FJ64GA002.gld.00 \
  --stack=16 \
  --check-sections \
  --data-init \
  --pack-data \
  --handles \
  --isr \
  --no-gc-sections \
  --fill-upper=0 \
  --stackguard=16 \
  --no-force-link \
  --smart-io \
  -Map=dist/default/production/Modbus_Master_PIC.X.production.map \
  --report-mem \
  --memorysummary \
  dist/default/production/memoryfile.xml \
  -start-group \
  --library=lega-pic30-elf \
  --library=m-elf \
  --library=lega-c-elf \
  -end-group \


Optional library libpPIC24Fxxx.a not found
Archive member included because of file (symbol)

c:/program files/microchip/xc16/v1.36/bin/bin/../../lib\liblega-pic30-elf.a(crt0_standard.o)
                              (__resetPRI)
c:/program files/microchip/xc16/v1.36/bin/bin/../../lib\liblega-pic30-elf.a(data_init_standard.o)
                              c:/program files/microchip/xc16/v1.36/bin/bin/../../lib\liblega-pic30-elf.a(crt0_standard.o) (__data_init_standard)
c:/program files/microchip/xc16/v1.36/bin/bin/../../lib\liblega-pic30-elf.a(crt_start_mode_normal.Leo)
                              (__crt_start_mode_normal)


xc16-ld 1.36 (B)

"program" Memory  [Origin = 0x200, Length = 0xa9fc]

section                    address   length (PC units)   length (bytes) (dec)
-------                    -------   -----------------   --------------------
.text                        0x200               0x25e           0x38d  (909)
.const                       0x45e               0x200           0x300  (768)
.text                        0x65e               0xafe          0x107d  (4221)
.dinit                      0x115c                0xe8           0x15c  (348)
.text                       0x1244               0x2e2           0x453  (1107)

                 Total "program" memory used (bytes):         0x1cb9  (7353) 11%


"data" Memory  [Origin = 0x800, Length = 0x2000]

section                    address      alignment gaps    total length  (dec)
-------                    -------      --------------    -------------------
.nbss                        0x800                   0            0x2a  (42)
.ndata                       0x82a                   0             0x4  (4)
.bss                         0x82e                   0           0x332  (818)
.data                        0xb60                   0            0xf0  (240)
.bss                         0xc50                   0            0x3c  (60)

                 Total "data" memory used (bytes):          0x48c  (1164) 14%


Dynamic Memory Usage

region                     address                      maximum length  (dec)
------                     -------                      ---------------------
heap                             0                                   0  (0)
stack                        0xc8c                              0x1b74  (7028)

                 Maximum dynamic memory (bytes):         0x1b74  (7028)


External Symbols in Data Memory (by address):

                    0x0800                  _dirIn
                    0x0802                  _NoIn
                    0x0804                  _Crc
                    0x0806                  _SlaveID
                    0x0807                  _WriteSuccess
                    0x0812                  _pint
                    0x0814                  _contTx
                    0x0816                  _curr_state
                    0x0818                  _n
                    0x0819                  _auxRx
                    0x081a                  _UART2_TxDefaultInterruptHandler
                    0x081c                  _UART2_RxDefaultInterruptHandler
                    0x081e                  _s
                    0x0820                  _t
                    0x0824                  _UART1_TxDefaultInterruptHandler
                    0x0826                  _UART1_RxDefaultInterruptHandler
                    0x0828                  _TMR1_InterruptHandler
                    0x082c                  _j
                    0x082e                  _InputRegister
                    0x08a6                  _OwnInputRegisters
                    0x091e                  _HoldingRegister
                    0x0996                  _CoilRegister
                    0x0a0e                  _DiscreteInputRegister
                    0x0a86                  _buffRx
                    0x0aea                  _buffTx
                    0x0b60                  _state_table

External Symbols in Data Memory (by name):

                    0x0996                  _CoilRegister
                    0x0804                  _Crc
                    0x0a0e                  _DiscreteInputRegister
                    0x091e                  _HoldingRegister
                    0x082e                  _InputRegister
                    0x0802                  _NoIn
                    0x08a6                  _OwnInputRegisters
                    0x0806                  _SlaveID
                    0x0828                  _TMR1_InterruptHandler
                    0x0826                  _UART1_RxDefaultInterruptHandler
                    0x0824                  _UART1_TxDefaultInterruptHandler
                    0x081c                  _UART2_RxDefaultInterruptHandler
                    0x081a                  _UART2_TxDefaultInterruptHandler
                    0x0807                  _WriteSuccess
                    0x0819                  _auxRx
                    0x0a86                  _buffRx
                    0x0aea                  _buffTx
                    0x0814                  _contTx
                    0x0816                  _curr_state
                    0x0800                  _dirIn
                    0x082c                  _j
                    0x0818                  _n
                    0x0812                  _pint
                    0x081e                  _s
                    0x0b60                  _state_table
                    0x0820                  _t

External Symbols in Program Memory (by address):

                  0x000200                  __resetPRI
                  0x00023c                  __psv_init
                  0x000252                  __data_init_standard
                  0x000252                  __data_init
                  0x000320                  __T1Interrupt
                  0x00033e                  __OscillatorFail
                  0x000346                  __StackError
                  0x000350                  __AddressError
                  0x000358                  __MathError
                  0x000360                  __INT0Interrupt
                  0x00037e                  __U1TXInterrupt
                  0x00039c                  __U1RXInterrupt
                  0x0003ba                  __U1ErrInterrupt
                  0x0003d0                  __U2TXInterrupt
                  0x000410                  __U2RXInterrupt
                  0x000442                  __U2ErrInterrupt
                  0x000458                  __DefaultInterrupt
                  0x00065e                  _UART2_Initialize
                  0x00067c                  _UART2_SetTxInterruptHandler
                  0x000688                  _UART2_Transmit_ISR
                  0x0006cc                  _UART2_SetRxInterruptHandler
                  0x0006d8                  _SLAVEADDRESS
                  0x000706                  _FUNCTION
                  0x00077e                  _BYTECOUNT
                  0x00079c                  _DATA
                  0x0007c6                  _CRC1Hi
                  0x0007e0                  _CRC1Lo
                  0x0008fe                  _COILADDRESS5HI
                  0x00091c                  _COILADDRESS5LO
                  0x00093a                  _FORCEDATA5Hi
                  0x000958                  _FORCEDATA5Lo
                  0x000976                  _CRC5Hi
                  0x000994                  _CRC5Lo
                  0x0009ea                  _REGISTERADDRESS6HI
                  0x000a04                  _REGISTERADDRESS6LO
                  0x000a1e                  _WRITEDATA6Hi
                  0x000a38                  _WRITEDATA6Lo
                  0x000a52                  _CRC6Hi
                  0x000a6c                  _CRC6Lo
                  0x000abe                  _ESPERASINCRONISMO
                  0x000ac4                  _Com_MODBUS_Init
                  0x000aca                  _Com_MODBUS_Read
                  0x000b2c                  _Com_MODBUS_Write
                  0x000b94                  _UART2_Receive_ISR
                  0x000be2                  _UART2_Read
                  0x000c0e                  _UART2_Write
                  0x000c38                  _UART2_IsRxReady
                  0x000c4e                  _UART2_IsTxReady
                  0x000c82                  _UART2_IsTxDone
                  0x000d12                  _UART2_ReadBuffer
                  0x000d4c                  _UART2_WriteBuffer
                  0x000d86                  _UART2_TransferStatusGet
                  0x000dca                  _UART2_Peek
                  0x000dea                  _UART2_ReceiveBufferIsEmpty
                  0x000dfa                  _UART2_TransmitBufferIsFull
                  0x000e0a                  _UART2_StatusGet
                  0x000e12                  _UART2_TransmitBufferSizeGet
                  0x000e3e                  _UART2_ReceiveBufferSizeGet
                  0x000e6a                  _UART2_Enable
                  0x000e74                  _UART2_Disable
                  0x000e7e                  _UART1_Initialize
                  0x000ec4                  _UART1_SetTxInterruptHandler
                  0x000ed0                  _UART1_Transmit_ISR
                  0x000f22                  _UART1_SetRxInterruptHandler
                  0x000f2e                  _UART1_Receive_ISR
                  0x000f70                  _UART1_Read
                  0x000fa6                  _UART1_ReadBuffer
                  0x000fda                  _UART1_Write
                  0x001010                  _UART1_WriteBuffer
                  0x001042                  _UART1_TransferStatusGet
                  0x00107e                  _UART1_Peek
                  0x0010a6                  _UART1_is_rx_ready
                  0x0010d8                  _UART1_is_tx_ready
                  0x00110c                  _UART1_ReceiveBufferIsEmpty
                  0x001124                  _UART1_TransmitBufferIsFull
                  0x00113c                  _UART1_StatusGet
                  0x001144                  _UART1_is_tx_done
                  0x001244                  _TMR1_Initialize
                  0x00126a                  _TMR1_Period16BitSet
                  0x00127c                  _TMR1_Period16BitGet
                  0x001284                  _TMR1_Counter16BitSet
                  0x001296                  _TMR1_Counter16BitGet
                  0x0012a4                  _TMR1_SetInterruptHandler
                  0x0012b4                  _TMR1_Start
                  0x0012c4                  _TMR1_Stop
                  0x0012ce                  _TMR1_GetElapsedThenClear
                  0x0012e6                  _TMR1_SoftwareCounterGet
                  0x0012f2                  _TMR1_SoftwareCounterClear
                  0x0012fe                  _CLOCK_Initialize
                  0x001376                  _PIN_MANAGER_Initialize
                  0x0013e2                  _main
                  0x00144a                  _CRC16
                  0x001498                  _INTERRUPT_Initialize
                  0x0014fa                  _SYSTEM_Initialize
                  0x001514                  _EXT_INT_Initialize
                  0x00151e                  _OSCILLATOR_Initialize

External Symbols in Program Memory (by name):

                  0x00077e                  _BYTECOUNT
                  0x0012fe                  _CLOCK_Initialize
                  0x0008fe                  _COILADDRESS5HI
                  0x00091c                  _COILADDRESS5LO
                  0x00144a                  _CRC16
                  0x0007c6                  _CRC1Hi
                  0x0007e0                  _CRC1Lo
                  0x000976                  _CRC5Hi
                  0x000994                  _CRC5Lo
                  0x000a52                  _CRC6Hi
                  0x000a6c                  _CRC6Lo
                  0x000ac4                  _Com_MODBUS_Init
                  0x000aca                  _Com_MODBUS_Read
                  0x000b2c                  _Com_MODBUS_Write
                  0x00079c                  _DATA
                  0x000abe                  _ESPERASINCRONISMO
                  0x001514                  _EXT_INT_Initialize
                  0x00093a                  _FORCEDATA5Hi
                  0x000958                  _FORCEDATA5Lo
                  0x000706                  _FUNCTION
                  0x001498                  _INTERRUPT_Initialize
                  0x00151e                  _OSCILLATOR_Initialize
                  0x001376                  _PIN_MANAGER_Initialize
                  0x0009ea                  _REGISTERADDRESS6HI
                  0x000a04                  _REGISTERADDRESS6LO
                  0x0006d8                  _SLAVEADDRESS
                  0x0014fa                  _SYSTEM_Initialize
                  0x001296                  _TMR1_Counter16BitGet
                  0x001284                  _TMR1_Counter16BitSet
                  0x0012ce                  _TMR1_GetElapsedThenClear
                  0x001244                  _TMR1_Initialize
                  0x00127c                  _TMR1_Period16BitGet
                  0x00126a                  _TMR1_Period16BitSet
                  0x0012a4                  _TMR1_SetInterruptHandler
                  0x0012f2                  _TMR1_SoftwareCounterClear
                  0x0012e6                  _TMR1_SoftwareCounterGet
                  0x0012b4                  _TMR1_Start
                  0x0012c4                  _TMR1_Stop
                  0x000e7e                  _UART1_Initialize
                  0x00107e                  _UART1_Peek
                  0x000f70                  _UART1_Read
                  0x000fa6                  _UART1_ReadBuffer
                  0x00110c                  _UART1_ReceiveBufferIsEmpty
                  0x000f2e                  _UART1_Receive_ISR
                  0x000f22                  _UART1_SetRxInterruptHandler
                  0x000ec4                  _UART1_SetTxInterruptHandler
                  0x00113c                  _UART1_StatusGet
                  0x001042                  _UART1_TransferStatusGet
                  0x001124                  _UART1_TransmitBufferIsFull
                  0x000ed0                  _UART1_Transmit_ISR
                  0x000fda                  _UART1_Write
                  0x001010                  _UART1_WriteBuffer
                  0x0010a6                  _UART1_is_rx_ready
                  0x001144                  _UART1_is_tx_done
                  0x0010d8                  _UART1_is_tx_ready
                  0x000e74                  _UART2_Disable
                  0x000e6a                  _UART2_Enable
                  0x00065e                  _UART2_Initialize
                  0x000c38                  _UART2_IsRxReady
                  0x000c82                  _UART2_IsTxDone
                  0x000c4e                  _UART2_IsTxReady
                  0x000dca                  _UART2_Peek
                  0x000be2                  _UART2_Read
                  0x000d12                  _UART2_ReadBuffer
                  0x000dea                  _UART2_ReceiveBufferIsEmpty
                  0x000e3e                  _UART2_ReceiveBufferSizeGet
                  0x000b94                  _UART2_Receive_ISR
                  0x0006cc                  _UART2_SetRxInterruptHandler
                  0x00067c                  _UART2_SetTxInterruptHandler
                  0x000e0a                  _UART2_StatusGet
                  0x000d86                  _UART2_TransferStatusGet
                  0x000dfa                  _UART2_TransmitBufferIsFull
                  0x000e12                  _UART2_TransmitBufferSizeGet
                  0x000688                  _UART2_Transmit_ISR
                  0x000c0e                  _UART2_Write
                  0x000d4c                  _UART2_WriteBuffer
                  0x000a1e                  _WRITEDATA6Hi
                  0x000a38                  _WRITEDATA6Lo
                  0x000350                  __AddressError
                  0x000458                  __DefaultInterrupt
                  0x000360                  __INT0Interrupt
                  0x000358                  __MathError
                  0x00033e                  __OscillatorFail
                  0x000346                  __StackError
                  0x000320                  __T1Interrupt
                  0x0003ba                  __U1ErrInterrupt
                  0x00039c                  __U1RXInterrupt
                  0x00037e                  __U1TXInterrupt
                  0x000442                  __U2ErrInterrupt
                  0x000410                  __U2RXInterrupt
                  0x0003d0                  __U2TXInterrupt
                  0x000252                  __data_init
                  0x000252                  __data_init_standard
                  0x00023c                  __psv_init
                  0x000200                  __resetPRI
                  0x0013e2                  _main

Memory Configuration

Name             Origin             Length             Attributes
data             0x000800           0x002000           a !xr
reset            0x000000           0x000004  
ivt              0x000004           0x0000fc  
_reserved        0x000100           0x000004  
aivt             0x000104           0x0000fc  
program          0x000200           0x00a9fc           xr
CONFIG2          0x00abfc           0x000002  
CONFIG1          0x00abfe           0x000002  
*default*        0x000000           0xffffffff  

Linker script and memory map

LOAD build/default/production/mcc_generated_files/tmr1.o
LOAD build/default/production/mcc_generated_files/system.o
LOAD build/default/production/mcc_generated_files/clock.o
LOAD build/default/production/mcc_generated_files/traps.o
LOAD build/default/production/mcc_generated_files/ext_int.o
LOAD build/default/production/mcc_generated_files/interrupt_manager.o
LOAD build/default/production/mcc_generated_files/mcc.o
LOAD build/default/production/mcc_generated_files/uart1.o
LOAD build/default/production/mcc_generated_files/pin_manager.o
LOAD build/default/production/mcc_generated_files/uart2.o
LOAD build/default/production/mcc_generated_files/CRC.o
LOAD build/default/production/main.o
                    0x0001                  __MPLAB_BUILD = 0x1
LOAD pPIC24Fxxx
LOAD c:/program files/microchip/xc16/v1.36/bin/bin/../../lib\libfx-elf.a
                    0xabfc                  __CONFIG2 = 0xabfc
                    0xabfe                  __CONFIG1 = 0xabfe
                    0x0001                  __NO_HANDLES = 0x1
                    0x0200                  __CODE_BASE = 0x200
                    0xa9fc                  __CODE_LENGTH = 0xa9fc
                    0x0004                  __IVT_BASE = 0x4
                    0x0104                  __AIVT_BASE = 0x104
                    0x0800                  __DATA_BASE = 0x800
                    0x2000                  __DATA_LENGTH = 0x2000

.reset            0x000000          0x4
                  0x000000          0x2 SHORT 0x200 ABSOLUTE (__reset)
                  0x000001          0x2 SHORT 0x4
                  0x000002          0x2 SHORT 0x0 ((ABSOLUTE (__reset) >> 0x10) & 0x7f)
                  0x000003          0x2 SHORT 0x0

.text             0x000200        0x25e
 *(.init)
 .init            0x000200         0x4c c:/program files/microchip/xc16/v1.36/bin/bin/../../lib\liblega-pic30-elf.a(crt0_standard.o)
                  0x000200                  __resetPRI
                  0x000200                  __reset
                  0x00023c                  __psv_init
 .init            0x00024c         0x7c c:/program files/microchip/xc16/v1.36/bin/bin/../../lib\liblega-pic30-elf.a(data_init_standard.o)
                  0x000252                  __data_init_standard
                  0x000252                  __data_init
 *(.user_init)
 *(.handle)
 *(.isr*)
 .isr.text        0x000320         0x1e build/default/production/mcc_generated_files/tmr1.o
                  0x000320                  __T1Interrupt
 .isr.text        0x00033e         0x22 build/default/production/mcc_generated_files/traps.o
                  0x00033e                  __OscillatorFail
                  0x000346                  __StackError
                  0x000350                  __AddressError
                  0x000358                  __MathError
 .isr.text        0x000360         0x1e build/default/production/mcc_generated_files/ext_int.o
                  0x000360                  __INT0Interrupt
 .isr.text        0x00037e         0x52 build/default/production/mcc_generated_files/uart1.o
                  0x00037e                  __U1TXInterrupt
                  0x00039c                  __U1RXInterrupt
                  0x0003ba                  __U1ErrInterrupt
 .isr.text        0x0003d0         0x88 build/default/production/mcc_generated_files/uart2.o
                  0x0003d0                  __U2TXInterrupt
                  0x000410                  __U2RXInterrupt
                  0x000442                  __U2ErrInterrupt
 .isr             0x000458          0x4 default_isr
                  0x000458                  __DefaultInterrupt
 *(.libc)
 *(.libm)
 *(.libdsp)
 *(.lib*)
 .libpic30_crt_start_mode
                  0x00045c          0x2 c:/program files/microchip/xc16/v1.36/bin/bin/../../lib\liblega-pic30-elf.a(crt_start_mode_normal.Leo)
                  0x00045c                  __crt_start_mode
                  0x00045c                  __crt_start_mode_normal

usercode
 *(usercode)

__CONFIG2
 *(__CONFIG2.sec*)

__CONFIG1
 *(__CONFIG1.sec*)

.comment
 *(.comment)

.debug_info       0x000000       0x59cd
 *(.debug_info)
 .debug_info      0x000000        0xa7d build/default/production/mcc_generated_files/tmr1.o
 .debug_info      0x000a7d        0x163 build/default/production/mcc_generated_files/system.o
 .debug_info      0x000be0        0x3ec build/default/production/mcc_generated_files/clock.o
 .debug_info      0x000fcc        0x387 build/default/production/mcc_generated_files/traps.o
 .debug_info      0x001353        0x386 build/default/production/mcc_generated_files/ext_int.o
 .debug_info      0x0016d9        0x964 build/default/production/mcc_generated_files/interrupt_manager.o
 .debug_info      0x00203d        0x164 build/default/production/mcc_generated_files/mcc.o
 .debug_info      0x0021a1        0xfd5 build/default/production/mcc_generated_files/uart1.o
 .debug_info      0x003176        0x8a8 build/default/production/mcc_generated_files/pin_manager.o
 .debug_info      0x003a1e       0x19ab build/default/production/mcc_generated_files/uart2.o
 .debug_info      0x0053c9        0x1c3 build/default/production/mcc_generated_files/CRC.o
 .debug_info      0x00558c        0x441 build/default/production/main.o
 *(.gnu.linkonce.wi.*)

.debug_abbrev     0x000000        0xc18
 *(.debug_abbrev)
 .debug_abbrev    0x000000        0x1b8 build/default/production/mcc_generated_files/tmr1.o
 .debug_abbrev    0x0001b8         0x34 build/default/production/mcc_generated_files/system.o
 .debug_abbrev    0x0001ec         0xc5 build/default/production/mcc_generated_files/clock.o
 .debug_abbrev    0x0002b1        0x100 build/default/production/mcc_generated_files/traps.o
 .debug_abbrev    0x0003b1         0x7d build/default/production/mcc_generated_files/ext_int.o
 .debug_abbrev    0x00042e         0xb4 build/default/production/mcc_generated_files/interrupt_manager.o
 .debug_abbrev    0x0004e2         0x34 build/default/production/mcc_generated_files/mcc.o
 .debug_abbrev    0x000516        0x22f build/default/production/mcc_generated_files/uart1.o
 .debug_abbrev    0x000745         0xd6 build/default/production/mcc_generated_files/pin_manager.o
 .debug_abbrev    0x00081b        0x29c build/default/production/mcc_generated_files/uart2.o
 .debug_abbrev    0x000ab7         0x78 build/default/production/mcc_generated_files/CRC.o
 .debug_abbrev    0x000b2f         0xe9 build/default/production/main.o

.debug_line       0x000000        0xc56
 *(.debug_line)
 .debug_line      0x000000        0x147 build/default/production/mcc_generated_files/tmr1.o
 .debug_line      0x000147         0x51 build/default/production/mcc_generated_files/system.o
 .debug_line      0x000198         0xfc build/default/production/mcc_generated_files/clock.o
 .debug_line      0x000294        0x11e build/default/production/mcc_generated_files/traps.o
 .debug_line      0x0003b2        0x10a build/default/production/mcc_generated_files/ext_int.o
 .debug_line      0x0004bc        0x102 build/default/production/mcc_generated_files/interrupt_manager.o
 .debug_line      0x0005be         0x49 build/default/production/mcc_generated_files/mcc.o
 .debug_line      0x000607        0x1b2 build/default/production/mcc_generated_files/uart1.o
 .debug_line      0x0007b9        0x106 build/default/production/mcc_generated_files/pin_manager.o
 .debug_line      0x0008bf        0x29b build/default/production/mcc_generated_files/uart2.o
 .debug_line      0x000b5a         0x50 build/default/production/mcc_generated_files/CRC.o
 .debug_line      0x000baa         0xac build/default/production/main.o

.debug_frame      0x000000        0xc06
 *(.debug_frame)
 .debug_frame     0x000000        0x188 build/default/production/mcc_generated_files/tmr1.o
 .debug_frame     0x000188         0x30 build/default/production/mcc_generated_files/system.o
 .debug_frame     0x0001b8         0x30 build/default/production/mcc_generated_files/clock.o
 .debug_frame     0x0001e8         0x80 build/default/production/mcc_generated_files/traps.o
 .debug_frame     0x000268         0x8c build/default/production/mcc_generated_files/ext_int.o
 .debug_frame     0x0002f4         0x30 build/default/production/mcc_generated_files/interrupt_manager.o
 .debug_frame     0x000324         0x30 build/default/production/mcc_generated_files/mcc.o
 .debug_frame     0x000354        0x29a build/default/production/mcc_generated_files/uart1.o
 .debug_frame     0x0005ee         0x30 build/default/production/mcc_generated_files/pin_manager.o
 .debug_frame     0x00061e        0x588 build/default/production/mcc_generated_files/uart2.o
 .debug_frame     0x000ba6         0x30 build/default/production/mcc_generated_files/CRC.o
 .debug_frame     0x000bd6         0x30 build/default/production/main.o

.debug_str        0x000000        0x252
 *(.debug_str)
 .debug_str       0x000000         0x47 build/default/production/mcc_generated_files/tmr1.o
 .debug_str       0x000047          0xb build/default/production/mcc_generated_files/clock.o
 .debug_str       0x000052          0xc build/default/production/mcc_generated_files/traps.o
 .debug_str       0x00005e         0x15 build/default/production/mcc_generated_files/ext_int.o
 .debug_str       0x000073         0x2e build/default/production/mcc_generated_files/interrupt_manager.o
 .debug_str       0x0000a1         0x70 build/default/production/mcc_generated_files/uart1.o
 .debug_str       0x000111         0x2c build/default/production/mcc_generated_files/pin_manager.o
 .debug_str       0x00013d        0x105 build/default/production/mcc_generated_files/uart2.o
 .debug_str       0x000242         0x10 build/default/production/main.o

.debug_loc
 *(.debug_loc)

.debug_macinfo
 *(.debug_macinfo)

.debug_pubnames
                  0x000000        0xa24
 *(.debug_pubnames)
 .debug_pubnames
                  0x000000        0x156 build/default/production/mcc_generated_files/tmr1.o
 .debug_pubnames
                  0x000156         0x28 build/default/production/mcc_generated_files/system.o
 .debug_pubnames
                  0x00017e         0x27 build/default/production/mcc_generated_files/clock.o
 .debug_pubnames
                  0x0001a5         0x6f build/default/production/mcc_generated_files/traps.o
 .debug_pubnames
                  0x000214         0x51 build/default/production/mcc_generated_files/ext_int.o
 .debug_pubnames
                  0x000265         0x2b build/default/production/mcc_generated_files/interrupt_manager.o
 .debug_pubnames
                  0x000290         0x2c build/default/production/mcc_generated_files/mcc.o
 .debug_pubnames
                  0x0002bc        0x21e build/default/production/mcc_generated_files/uart1.o
 .debug_pubnames
                  0x0004da         0x2d build/default/production/mcc_generated_files/pin_manager.o
 .debug_pubnames
                  0x000507        0x4da build/default/production/mcc_generated_files/uart2.o
 .debug_pubnames
                  0x0009e1         0x1c build/default/production/mcc_generated_files/CRC.o
 .debug_pubnames
                  0x0009fd         0x27 build/default/production/main.o

.debug_ranges
 *(.debug_ranges)

.debug_aranges    0x000000        0x120
 *(.debug_aranges)
 .debug_aranges
                  0x000000         0x18 build/default/production/mcc_generated_files/tmr1.o
 .debug_aranges
                  0x000018         0x18 build/default/production/mcc_generated_files/system.o
 .debug_aranges
                  0x000030         0x18 build/default/production/mcc_generated_files/clock.o
 .debug_aranges
                  0x000048         0x18 build/default/production/mcc_generated_files/traps.o
 .debug_aranges
                  0x000060         0x18 build/default/production/mcc_generated_files/ext_int.o
 .debug_aranges
                  0x000078         0x18 build/default/production/mcc_generated_files/interrupt_manager.o
 .debug_aranges
                  0x000090         0x18 build/default/production/mcc_generated_files/mcc.o
 .debug_aranges
                  0x0000a8         0x18 build/default/production/mcc_generated_files/uart1.o
 .debug_aranges
                  0x0000c0         0x18 build/default/production/mcc_generated_files/pin_manager.o
 .debug_aranges
                  0x0000d8         0x18 build/default/production/mcc_generated_files/uart2.o
 .debug_aranges
                  0x0000f0         0x18 build/default/production/mcc_generated_files/CRC.o
 .debug_aranges
                  0x000108         0x18 build/default/production/main.o
                    0x0000                  WREG0 = 0x0
                    0x0000                  _WREG0 = 0x0
                    0x0002                  WREG1 = 0x2
                    0x0002                  _WREG1 = 0x2
                    0x0004                  WREG2 = 0x4
                    0x0004                  _WREG2 = 0x4
                    0x0006                  WREG3 = 0x6
                    0x0006                  _WREG3 = 0x6
                    0x0008                  WREG4 = 0x8
                    0x0008                  _WREG4 = 0x8
                    0x000a                  WREG5 = 0xa
                    0x000a                  _WREG5 = 0xa
                    0x000c                  WREG6 = 0xc
                    0x000c                  _WREG6 = 0xc
                    0x000e                  WREG7 = 0xe
                    0x000e                  _WREG7 = 0xe
                    0x0010                  WREG8 = 0x10
                    0x0010                  _WREG8 = 0x10
                    0x0012                  WREG9 = 0x12
                    0x0012                  _WREG9 = 0x12
                    0x0014                  WREG10 = 0x14
                    0x0014                  _WREG10 = 0x14
                    0x0016                  WREG11 = 0x16
                    0x0016                  _WREG11 = 0x16
                    0x0018                  WREG12 = 0x18
                    0x0018                  _WREG12 = 0x18
                    0x001a                  WREG13 = 0x1a
                    0x001a                  _WREG13 = 0x1a
                    0x001c                  WREG14 = 0x1c
                    0x001c                  _WREG14 = 0x1c
                    0x001e                  WREG15 = 0x1e
                    0x001e                  _WREG15 = 0x1e
                    0x0020                  SPLIM = 0x20
                    0x0020                  _SPLIM = 0x20
                    0x002e                  PCL = 0x2e
                    0x002e                  _PCL = 0x2e
                    0x0030                  PCH = 0x30
                    0x0030                  _PCH = 0x30
                    0x0032                  TBLPAG = 0x32
                    0x0032                  _TBLPAG = 0x32
                    0x0034                  PSVPAG = 0x34
                    0x0034                  _PSVPAG = 0x34
                    0x0036                  RCOUNT = 0x36
                    0x0036                  _RCOUNT = 0x36
                    0x0042                  SR = 0x42
                    0x0042                  _SR = 0x42
                    0x0042                  _SRbits = 0x42
                    0x0044                  CORCON = 0x44
                    0x0044                  _CORCON = 0x44
                    0x0044                  _CORCONbits = 0x44
                    0x0052                  DISICNT = 0x52
                    0x0052                  _DISICNT = 0x52
                    0x0060                  CNEN1 = 0x60
                    0x0060                  _CNEN1 = 0x60
                    0x0060                  _CNEN1bits = 0x60
                    0x0062                  CNEN2 = 0x62
                    0x0062                  _CNEN2 = 0x62
                    0x0062                  _CNEN2bits = 0x62
                    0x0068                  CNPU1 = 0x68
                    0x0068                  _CNPU1 = 0x68
                    0x0068                  _CNPU1bits = 0x68
                    0x006a                  CNPU2 = 0x6a
                    0x006a                  _CNPU2 = 0x6a
                    0x006a                  _CNPU2bits = 0x6a
                    0x0080                  INTCON1 = 0x80
                    0x0080                  _INTCON1 = 0x80
                    0x0080                  _INTCON1bits = 0x80
                    0x0082                  INTCON2 = 0x82
                    0x0082                  _INTCON2 = 0x82
                    0x0082                  _INTCON2bits = 0x82
                    0x0084                  IFS0 = 0x84
                    0x0084                  _IFS0 = 0x84
                    0x0084                  _IFS0bits = 0x84
                    0x0086                  IFS1 = 0x86
                    0x0086                  _IFS1 = 0x86
                    0x0086                  _IFS1bits = 0x86
                    0x0088                  IFS2 = 0x88
                    0x0088                  _IFS2 = 0x88
                    0x0088                  _IFS2bits = 0x88
                    0x008a                  IFS3 = 0x8a
                    0x008a                  _IFS3 = 0x8a
                    0x008a                  _IFS3bits = 0x8a
                    0x008c                  IFS4 = 0x8c
                    0x008c                  _IFS4 = 0x8c
                    0x008c                  _IFS4bits = 0x8c
                    0x0094                  IEC0 = 0x94
                    0x0094                  _IEC0 = 0x94
                    0x0094                  _IEC0bits = 0x94
                    0x0096                  IEC1 = 0x96
                    0x0096                  _IEC1 = 0x96
                    0x0096                  _IEC1bits = 0x96
                    0x0098                  IEC2 = 0x98
                    0x0098                  _IEC2 = 0x98
                    0x0098                  _IEC2bits = 0x98
                    0x009a                  IEC3 = 0x9a
                    0x009a                  _IEC3 = 0x9a
                    0x009a                  _IEC3bits = 0x9a
                    0x009c                  IEC4 = 0x9c
                    0x009c                  _IEC4 = 0x9c
                    0x009c                  _IEC4bits = 0x9c
                    0x00a4                  IPC0 = 0xa4
                    0x00a4                  _IPC0 = 0xa4
                    0x00a4                  _IPC0bits = 0xa4
                    0x00a6                  IPC1 = 0xa6
                    0x00a6                  _IPC1 = 0xa6
                    0x00a6                  _IPC1bits = 0xa6
                    0x00a8                  IPC2 = 0xa8
                    0x00a8                  _IPC2 = 0xa8
                    0x00a8                  _IPC2bits = 0xa8
                    0x00aa                  IPC3 = 0xaa
                    0x00aa                  _IPC3 = 0xaa
                    0x00aa                  _IPC3bits = 0xaa
                    0x00ac                  IPC4 = 0xac
                    0x00ac                  _IPC4 = 0xac
                    0x00ac                  _IPC4bits = 0xac
                    0x00ae                  IPC5 = 0xae
                    0x00ae                  _IPC5 = 0xae
                    0x00ae                  _IPC5bits = 0xae
                    0x00b0                  IPC6 = 0xb0
                    0x00b0                  _IPC6 = 0xb0
                    0x00b0                  _IPC6bits = 0xb0
                    0x00b2                  IPC7 = 0xb2
                    0x00b2                  _IPC7 = 0xb2
                    0x00b2                  _IPC7bits = 0xb2
                    0x00b4                  IPC8 = 0xb4
                    0x00b4                  _IPC8 = 0xb4
                    0x00b4                  _IPC8bits = 0xb4
                    0x00b6                  IPC9 = 0xb6
                    0x00b6                  _IPC9 = 0xb6
                    0x00b6                  _IPC9bits = 0xb6
                    0x00b8                  IPC10 = 0xb8
                    0x00b8                  _IPC10 = 0xb8
                    0x00b8                  _IPC10bits = 0xb8
                    0x00ba                  IPC11 = 0xba
                    0x00ba                  _IPC11 = 0xba
                    0x00ba                  _IPC11bits = 0xba
                    0x00bc                  IPC12 = 0xbc
                    0x00bc                  _IPC12 = 0xbc
                    0x00bc                  _IPC12bits = 0xbc
                    0x00c2                  IPC15 = 0xc2
                    0x00c2                  _IPC15 = 0xc2
                    0x00c2                  _IPC15bits = 0xc2
                    0x00c4                  IPC16 = 0xc4
                    0x00c4                  _IPC16 = 0xc4
                    0x00c4                  _IPC16bits = 0xc4
                    0x00c8                  IPC18 = 0xc8
                    0x00c8                  _IPC18 = 0xc8
                    0x00c8                  _IPC18bits = 0xc8
                    0x0100                  TMR1 = 0x100
                    0x0100                  _TMR1 = 0x100
                    0x0102                  PR1 = 0x102
                    0x0102                  _PR1 = 0x102
                    0x0104                  T1CON = 0x104
                    0x0104                  _T1CON = 0x104
                    0x0104                  _T1CONbits = 0x104
                    0x0106                  TMR2 = 0x106
                    0x0106                  _TMR2 = 0x106
                    0x0108                  TMR3HLD = 0x108
                    0x0108                  _TMR3HLD = 0x108
                    0x010a                  TMR3 = 0x10a
                    0x010a                  _TMR3 = 0x10a
                    0x010c                  PR2 = 0x10c
                    0x010c                  _PR2 = 0x10c
                    0x010e                  PR3 = 0x10e
                    0x010e                  _PR3 = 0x10e
                    0x0110                  T2CON = 0x110
                    0x0110                  _T2CON = 0x110
                    0x0110                  _T2CONbits = 0x110
                    0x0112                  T3CON = 0x112
                    0x0112                  _T3CON = 0x112
                    0x0112                  _T3CONbits = 0x112
                    0x0114                  TMR4 = 0x114
                    0x0114                  _TMR4 = 0x114
                    0x0116                  TMR5HLD = 0x116
                    0x0116                  _TMR5HLD = 0x116
                    0x0118                  TMR5 = 0x118
                    0x0118                  _TMR5 = 0x118
                    0x011a                  PR4 = 0x11a
                    0x011a                  _PR4 = 0x11a
                    0x011c                  PR5 = 0x11c
                    0x011c                  _PR5 = 0x11c
                    0x011e                  T4CON = 0x11e
                    0x011e                  _T4CON = 0x11e
                    0x011e                  _T4CONbits = 0x11e
                    0x0120                  T5CON = 0x120
                    0x0120                  _T5CON = 0x120
                    0x0120                  _T5CONbits = 0x120
                    0x0140                  IC1BUF = 0x140
                    0x0140                  _IC1BUF = 0x140
                    0x0142                  IC1CON = 0x142
                    0x0142                  _IC1CON = 0x142
                    0x0142                  _IC1CONbits = 0x142
                    0x0144                  IC2BUF = 0x144
                    0x0144                  _IC2BUF = 0x144
                    0x0146                  IC2CON = 0x146
                    0x0146                  _IC2CON = 0x146
                    0x0146                  _IC2CONbits = 0x146
                    0x0148                  IC3BUF = 0x148
                    0x0148                  _IC3BUF = 0x148
                    0x014a                  IC3CON = 0x14a
                    0x014a                  _IC3CON = 0x14a
                    0x014a                  _IC3CONbits = 0x14a
                    0x014c                  IC4BUF = 0x14c
                    0x014c                  _IC4BUF = 0x14c
                    0x014e                  IC4CON = 0x14e
                    0x014e                  _IC4CON = 0x14e
                    0x014e                  _IC4CONbits = 0x14e
                    0x0150                  IC5BUF = 0x150
                    0x0150                  _IC5BUF = 0x150
                    0x0152                  IC5CON = 0x152
                    0x0152                  _IC5CON = 0x152
                    0x0152                  _IC5CONbits = 0x152
                    0x0180                  OC1RS = 0x180
                    0x0180                  _OC1RS = 0x180
                    0x0182                  OC1R = 0x182
                    0x0182                  _OC1R = 0x182
                    0x0184                  OC1CON = 0x184
                    0x0184                  _OC1CON = 0x184
                    0x0184                  _OC1CONbits = 0x184
                    0x0186                  OC2RS = 0x186
                    0x0186                  _OC2RS = 0x186
                    0x0188                  OC2R = 0x188
                    0x0188                  _OC2R = 0x188
                    0x018a                  OC2CON = 0x18a
                    0x018a                  _OC2CON = 0x18a
                    0x018a                  _OC2CONbits = 0x18a
                    0x018c                  OC3RS = 0x18c
                    0x018c                  _OC3RS = 0x18c
                    0x018e                  OC3R = 0x18e
                    0x018e                  _OC3R = 0x18e
                    0x0190                  OC3CON = 0x190
                    0x0190                  _OC3CON = 0x190
                    0x0190                  _OC3CONbits = 0x190
                    0x0192                  OC4RS = 0x192
                    0x0192                  _OC4RS = 0x192
                    0x0194                  OC4R = 0x194
                    0x0194                  _OC4R = 0x194
                    0x0196                  OC4CON = 0x196
                    0x0196                  _OC4CON = 0x196
                    0x0196                  _OC4CONbits = 0x196
                    0x0198                  OC5RS = 0x198
                    0x0198                  _OC5RS = 0x198
                    0x019a                  OC5R = 0x19a
                    0x019a                  _OC5R = 0x19a
                    0x019c                  OC5CON = 0x19c
                    0x019c                  _OC5CON = 0x19c
                    0x019c                  _OC5CONbits = 0x19c
                    0x0200                  I2C1RCV = 0x200
                    0x0200                  _I2C1RCV = 0x200
                    0x0202                  I2C1TRN = 0x202
                    0x0202                  _I2C1TRN = 0x202
                    0x0204                  I2C1BRG = 0x204
                    0x0204                  _I2C1BRG = 0x204
                    0x0206                  I2C1CON = 0x206
                    0x0206                  _I2C1CON = 0x206
                    0x0206                  _I2C1CONbits = 0x206
                    0x0208                  I2C1STAT = 0x208
                    0x0208                  _I2C1STAT = 0x208
                    0x0208                  _I2C1STATbits = 0x208
                    0x020a                  I2C1ADD = 0x20a
                    0x020a                  _I2C1ADD = 0x20a
                    0x020c                  I2C1MSK = 0x20c
                    0x020c                  _I2C1MSK = 0x20c
                    0x0210                  I2C2RCV = 0x210
                    0x0210                  _I2C2RCV = 0x210
                    0x0212                  I2C2TRN = 0x212
                    0x0212                  _I2C2TRN = 0x212
                    0x0214                  I2C2BRG = 0x214
                    0x0214                  _I2C2BRG = 0x214
                    0x0216                  I2C2CON = 0x216
                    0x0216                  _I2C2CON = 0x216
                    0x0216                  _I2C2CONbits = 0x216
                    0x0218                  I2C2STAT = 0x218
                    0x0218                  _I2C2STAT = 0x218
                    0x0218                  _I2C2STATbits = 0x218
                    0x021a                  I2C2ADD = 0x21a
                    0x021a                  _I2C2ADD = 0x21a
                    0x021c                  I2C2MSK = 0x21c
                    0x021c                  _I2C2MSK = 0x21c
                    0x0220                  U1MODE = 0x220
                    0x0220                  _U1MODE = 0x220
                    0x0220                  _U1MODEbits = 0x220
                    0x0222                  U1STA = 0x222
                    0x0222                  _U1STA = 0x222
                    0x0222                  _U1STAbits = 0x222
                    0x0224                  U1TXREG = 0x224
                    0x0224                  _U1TXREG = 0x224
                    0x0226                  U1RXREG = 0x226
                    0x0226                  _U1RXREG = 0x226
                    0x0228                  U1BRG = 0x228
                    0x0228                  _U1BRG = 0x228
                    0x0230                  U2MODE = 0x230
                    0x0230                  _U2MODE = 0x230
                    0x0230                  _U2MODEbits = 0x230
                    0x0232                  U2STA = 0x232
                    0x0232                  _U2STA = 0x232
                    0x0232                  _U2STAbits = 0x232
                    0x0234                  U2TXREG = 0x234
                    0x0234                  _U2TXREG = 0x234
                    0x0236                  U2RXREG = 0x236
                    0x0236                  _U2RXREG = 0x236
                    0x0238                  U2BRG = 0x238
                    0x0238                  _U2BRG = 0x238
                    0x0240                  SPI1STAT = 0x240
                    0x0240                  _SPI1STAT = 0x240
                    0x0240                  _SPI1STATbits = 0x240
                    0x0242                  SPI1CON1 = 0x242
                    0x0242                  _SPI1CON1 = 0x242
                    0x0242                  _SPI1CON1bits = 0x242
                    0x0244                  SPI1CON2 = 0x244
                    0x0244                  _SPI1CON2 = 0x244
                    0x0244                  _SPI1CON2bits = 0x244
                    0x0248                  SPI1BUF = 0x248
                    0x0248                  _SPI1BUF = 0x248
                    0x0260                  SPI2STAT = 0x260
                    0x0260                  _SPI2STAT = 0x260
                    0x0260                  _SPI2STATbits = 0x260
                    0x0262                  SPI2CON1 = 0x262
                    0x0262                  _SPI2CON1 = 0x262
                    0x0262                  _SPI2CON1bits = 0x262
                    0x0264                  SPI2CON2 = 0x264
                    0x0264                  _SPI2CON2 = 0x264
                    0x0264                  _SPI2CON2bits = 0x264
                    0x0268                  SPI2BUF = 0x268
                    0x0268                  _SPI2BUF = 0x268
                    0x02c0                  TRISA = 0x2c0
                    0x02c0                  _TRISA = 0x2c0
                    0x02c0                  _TRISAbits = 0x2c0
                    0x02c2                  PORTA = 0x2c2
                    0x02c2                  _PORTA = 0x2c2
                    0x02c2                  _PORTAbits = 0x2c2
                    0x02c4                  LATA = 0x2c4
                    0x02c4                  _LATA = 0x2c4
                    0x02c4                  _LATAbits = 0x2c4
                    0x02c6                  ODCA = 0x2c6
                    0x02c6                  _ODCA = 0x2c6
                    0x02c6                  _ODCAbits = 0x2c6
                    0x02c8                  TRISB = 0x2c8
                    0x02c8                  _TRISB = 0x2c8
                    0x02c8                  _TRISBbits = 0x2c8
                    0x02ca                  PORTB = 0x2ca
                    0x02ca                  _PORTB = 0x2ca
                    0x02ca                  _PORTBbits = 0x2ca
                    0x02cc                  LATB = 0x2cc
                    0x02cc                  _LATB = 0x2cc
                    0x02cc                  _LATBbits = 0x2cc
                    0x02ce                  ODCB = 0x2ce
                    0x02ce                  _ODCB = 0x2ce
                    0x02ce                  _ODCBbits = 0x2ce
                    0x02fc                  PADCFG1 = 0x2fc
                    0x02fc                  _PADCFG1 = 0x2fc
                    0x02fc                  _PADCFG1bits = 0x2fc
                    0x0300                  ADC1BUF0 = 0x300
                    0x0300                  _ADC1BUF0 = 0x300
                    0x0302                  ADC1BUF1 = 0x302
                    0x0302                  _ADC1BUF1 = 0x302
                    0x0304                  ADC1BUF2 = 0x304
                    0x0304                  _ADC1BUF2 = 0x304
                    0x0306                  ADC1BUF3 = 0x306
                    0x0306                  _ADC1BUF3 = 0x306
                    0x0308                  ADC1BUF4 = 0x308
                    0x0308                  _ADC1BUF4 = 0x308
                    0x030a                  ADC1BUF5 = 0x30a
                    0x030a                  _ADC1BUF5 = 0x30a
                    0x030c                  ADC1BUF6 = 0x30c
                    0x030c                  _ADC1BUF6 = 0x30c
                    0x030e                  ADC1BUF7 = 0x30e
                    0x030e                  _ADC1BUF7 = 0x30e
                    0x0310                  ADC1BUF8 = 0x310
                    0x0310                  _ADC1BUF8 = 0x310
                    0x0312                  ADC1BUF9 = 0x312
                    0x0312                  _ADC1BUF9 = 0x312
                    0x0314                  ADC1BUFA = 0x314
                    0x0314                  _ADC1BUFA = 0x314
                    0x0316                  ADC1BUFB = 0x316
                    0x0316                  _ADC1BUFB = 0x316
                    0x0318                  ADC1BUFC = 0x318
                    0x0318                  _ADC1BUFC = 0x318
                    0x031a                  ADC1BUFD = 0x31a
                    0x031a                  _ADC1BUFD = 0x31a
                    0x031c                  ADC1BUFE = 0x31c
                    0x031c                  _ADC1BUFE = 0x31c
                    0x031e                  ADC1BUFF = 0x31e
                    0x031e                  _ADC1BUFF = 0x31e
                    0x0320                  AD1CON1 = 0x320
                    0x0320                  _AD1CON1 = 0x320
                    0x0320                  _AD1CON1bits = 0x320
                    0x0322                  AD1CON2 = 0x322
                    0x0322                  _AD1CON2 = 0x322
                    0x0322                  _AD1CON2bits = 0x322
                    0x0324                  AD1CON3 = 0x324
                    0x0324                  _AD1CON3 = 0x324
                    0x0324                  _AD1CON3bits = 0x324
                    0x0328                  AD1CHS = 0x328
                    0x0328                  _AD1CHS = 0x328
                    0x0328                  _AD1CHSbits = 0x328
                    0x032c                  AD1PCFG = 0x32c
                    0x032c                  _AD1PCFG = 0x32c
                    0x032c                  _AD1PCFGbits = 0x32c
                    0x0330                  AD1CSSL = 0x330
                    0x0330                  _AD1CSSL = 0x330
                    0x0330                  _AD1CSSLbits = 0x330
                    0x0600                  PMCON = 0x600
                    0x0600                  _PMCON = 0x600
                    0x0600                  _PMCONbits = 0x600
                    0x0602                  PMMODE = 0x602
                    0x0602                  _PMMODE = 0x602
                    0x0602                  _PMMODEbits = 0x602
                    0x0604                  PMADDR = 0x604
                    0x0604                  _PMADDR = 0x604
                    0x0604                  _PMADDRbits = 0x604
                    0x0604                  PMDOUT1 = 0x604
                    0x0604                  _PMDOUT1 = 0x604
                    0x0604                  _PMDOUT1bits = 0x604
                    0x0606                  PMDOUT2 = 0x606
                    0x0606                  _PMDOUT2 = 0x606
                    0x0608                  PMDIN1 = 0x608
                    0x0608                  _PMDIN1 = 0x608
                    0x060a                  PMDIN2 = 0x60a
                    0x060a                  _PMDIN2 = 0x60a
                    0x060c                  PMAEN = 0x60c
                    0x060c                  _PMAEN = 0x60c
                    0x060c                  _PMAENbits = 0x60c
                    0x060e                  PMSTAT = 0x60e
                    0x060e                  _PMSTAT = 0x60e
                    0x060e                  _PMSTATbits = 0x60e
                    0x0620                  ALRMVAL = 0x620
                    0x0620                  _ALRMVAL = 0x620
                    0x0622                  ALCFGRPT = 0x622
                    0x0622                  _ALCFGRPT = 0x622
                    0x0622                  _ALCFGRPTbits = 0x622
                    0x0624                  RTCVAL = 0x624
                    0x0624                  _RTCVAL = 0x624
                    0x0626                  RCFGCAL = 0x626
                    0x0626                  _RCFGCAL = 0x626
                    0x0626                  _RCFGCALbits = 0x626
                    0x0630                  CMCON = 0x630
                    0x0630                  _CMCON = 0x630
                    0x0630                  _CMCONbits = 0x630
                    0x0632                  CVRCON = 0x632
                    0x0632                  _CVRCON = 0x632
                    0x0632                  _CVRCONbits = 0x632
                    0x0640                  CRCCON = 0x640
                    0x0640                  _CRCCON = 0x640
                    0x0640                  _CRCCONbits = 0x640
                    0x0642                  CRCXOR = 0x642
                    0x0642                  _CRCXOR = 0x642
                    0x0642                  _CRCXORbits = 0x642
                    0x0644                  CRCDAT = 0x644
                    0x0644                  _CRCDAT = 0x644
                    0x0646                  CRCWDAT = 0x646
                    0x0646                  _CRCWDAT = 0x646
                    0x0680                  RPINR0 = 0x680
                    0x0680                  _RPINR0 = 0x680
                    0x0680                  _RPINR0bits = 0x680
                    0x0682                  RPINR1 = 0x682
                    0x0682                  _RPINR1 = 0x682
                    0x0682                  _RPINR1bits = 0x682
                    0x0686                  RPINR3 = 0x686
                    0x0686                  _RPINR3 = 0x686
                    0x0686                  _RPINR3bits = 0x686
                    0x0688                  RPINR4 = 0x688
                    0x0688                  _RPINR4 = 0x688
                    0x0688                  _RPINR4bits = 0x688
                    0x068e                  RPINR7 = 0x68e
                    0x068e                  _RPINR7 = 0x68e
                    0x068e                  _RPINR7bits = 0x68e
                    0x0690                  RPINR8 = 0x690
                    0x0690                  _RPINR8 = 0x690
                    0x0690                  _RPINR8bits = 0x690
                    0x0692                  RPINR9 = 0x692
                    0x0692                  _RPINR9 = 0x692
                    0x0692                  _RPINR9bits = 0x692
                    0x0696                  RPINR11 = 0x696
                    0x0696                  _RPINR11 = 0x696
                    0x0696                  _RPINR11bits = 0x696
                    0x06a4                  RPINR18 = 0x6a4
                    0x06a4                  _RPINR18 = 0x6a4
                    0x06a4                  _RPINR18bits = 0x6a4
                    0x06a6                  RPINR19 = 0x6a6
                    0x06a6                  _RPINR19 = 0x6a6
                    0x06a6                  _RPINR19bits = 0x6a6
                    0x06a8                  RPINR20 = 0x6a8
                    0x06a8                  _RPINR20 = 0x6a8
                    0x06a8                  _RPINR20bits = 0x6a8
                    0x06aa                  RPINR21 = 0x6aa
                    0x06aa                  _RPINR21 = 0x6aa
                    0x06aa                  _RPINR21bits = 0x6aa
                    0x06ac                  RPINR22 = 0x6ac
                    0x06ac                  _RPINR22 = 0x6ac
                    0x06ac                  _RPINR22bits = 0x6ac
                    0x06ae                  RPINR23 = 0x6ae
                    0x06ae                  _RPINR23 = 0x6ae
                    0x06ae                  _RPINR23bits = 0x6ae
                    0x06c0                  RPOR0 = 0x6c0
                    0x06c0                  _RPOR0 = 0x6c0
                    0x06c0                  _RPOR0bits = 0x6c0
                    0x06c2                  RPOR1 = 0x6c2
                    0x06c2                  _RPOR1 = 0x6c2
                    0x06c2                  _RPOR1bits = 0x6c2
                    0x06c4                  RPOR2 = 0x6c4
                    0x06c4                  _RPOR2 = 0x6c4
                    0x06c4                  _RPOR2bits = 0x6c4
                    0x06c6                  RPOR3 = 0x6c6
                    0x06c6                  _RPOR3 = 0x6c6
                    0x06c6                  _RPOR3bits = 0x6c6
                    0x06c8                  RPOR4 = 0x6c8
                    0x06c8                  _RPOR4 = 0x6c8
                    0x06c8                  _RPOR4bits = 0x6c8
                    0x06ca                  RPOR5 = 0x6ca
                    0x06ca                  _RPOR5 = 0x6ca
                    0x06ca                  _RPOR5bits = 0x6ca
                    0x06cc                  RPOR6 = 0x6cc
                    0x06cc                  _RPOR6 = 0x6cc
                    0x06cc                  _RPOR6bits = 0x6cc
                    0x06ce                  RPOR7 = 0x6ce
                    0x06ce                  _RPOR7 = 0x6ce
                    0x06ce                  _RPOR7bits = 0x6ce
                    0x0740                  RCON = 0x740
                    0x0740                  _RCON = 0x740
                    0x0740                  _RCONbits = 0x740
                    0x0742                  OSCCON = 0x742
                    0x0742                  _OSCCON = 0x742
                    0x0742                  _OSCCONbits = 0x742
                    0x0742                  OSCCONL = 0x742
                    0x0742                  _OSCCONL = 0x742
                    0x0743                  OSCCONH = 0x743
                    0x0743                  _OSCCONH = 0x743
                    0x0744                  CLKDIV = 0x744
                    0x0744                  _CLKDIV = 0x744
                    0x0744                  _CLKDIVbits = 0x744
                    0x0748                  OSCTUN = 0x748
                    0x0748                  _OSCTUN = 0x748
                    0x0748                  _OSCTUNbits = 0x748
                    0x0760                  NVMCON = 0x760
                    0x0760                  _NVMCON = 0x760
                    0x0760                  _NVMCONbits = 0x760
                    0x0766                  NVMKEY = 0x766
                    0x0766                  _NVMKEY = 0x766
                    0x0770                  PMD1 = 0x770
                    0x0770                  _PMD1 = 0x770
                    0x0770                  _PMD1bits = 0x770
                    0x0772                  PMD2 = 0x772
                    0x0772                  _PMD2 = 0x772
                    0x0772                  _PMD2bits = 0x772
                    0x0774                  PMD3 = 0x774
                    0x0774                  _PMD3 = 0x774
                    0x0774                  _PMD3bits = 0x774
                    0x0140                  IC1 = 0x140
                    0x0140                  _IC1 = 0x140
                    0x0144                  IC2 = 0x144
                    0x0144                  _IC2 = 0x144
                    0x0148                  IC3 = 0x148
                    0x0148                  _IC3 = 0x148
                    0x014c                  IC4 = 0x14c
                    0x014c                  _IC4 = 0x14c
                    0x0150                  IC5 = 0x150
                    0x0150                  _IC5 = 0x150
                    0x0180                  OC1 = 0x180
                    0x0180                  _OC1 = 0x180
                    0x0186                  OC2 = 0x186
                    0x0186                  _OC2 = 0x186
                    0x018c                  OC3 = 0x18c
                    0x018c                  _OC3 = 0x18c
                    0x0192                  OC4 = 0x192
                    0x0192                  _OC4 = 0x192
                    0x0198                  OC5 = 0x198
                    0x0198                  _OC5 = 0x198
                    0x0240                  SPI1 = 0x240
                    0x0240                  _SPI1 = 0x240
                    0x0260                  SPI2 = 0x260
                    0x0260                  _SPI2 = 0x260
                    0x0220                  UART1 = 0x220
                    0x0220                  _UART1 = 0x220
                    0x0230                  UART2 = 0x230
                    0x0230                  _UART2 = 0x230
START GROUP
LOAD c:/program files/microchip/xc16/v1.36/bin/bin/../../lib\liblega-pic30-elf.a
LOAD c:/program files/microchip/xc16/v1.36/bin/bin/../../lib\libm-elf.a
LOAD c:/program files/microchip/xc16/v1.36/bin/bin/../../lib\liblega-c-elf.a
END GROUP
OUTPUT(dist/default/production/Modbus_Master_PIC.X.production.elf elf32-pic30)
LOAD jump_table
LOAD default_isr
LOAD data_init

.debug_pubtypes
                  0x000120        0x5d8
 .debug_pubtypes
                  0x000120         0xd5 build/default/production/mcc_generated_files/tmr1.o
 .debug_pubtypes
                  0x0001f5         0x12 build/default/production/mcc_generated_files/system.o
 .debug_pubtypes
                  0x000207         0x4c build/default/production/mcc_generated_files/clock.o
 .debug_pubtypes
                  0x000253         0x4e build/default/production/mcc_generated_files/traps.o
 .debug_pubtypes
                  0x0002a1         0x5f build/default/production/mcc_generated_files/ext_int.o
 .debug_pubtypes
                  0x000300         0xb2 build/default/production/mcc_generated_files/interrupt_manager.o
 .debug_pubtypes
                  0x0003b2         0x12 build/default/production/mcc_generated_files/mcc.o
 .debug_pubtypes
                  0x0003c4        0x113 build/default/production/mcc_generated_files/uart1.o
 .debug_pubtypes
                  0x0004d7         0xa3 build/default/production/mcc_generated_files/pin_manager.o
 .debug_pubtypes
                  0x00057a        0x127 build/default/production/mcc_generated_files/uart2.o
 .debug_pubtypes
                  0x0006a1         0x12 build/default/production/mcc_generated_files/CRC.o
 .debug_pubtypes
                  0x0006b3         0x45 build/default/production/main.o

__c30_signature
                  0x0006f8         0x54
 __c30_signature
                  0x0006f8          0x6 build/default/production/mcc_generated_files/tmr1.o
 __c30_signature
                  0x0006fe          0x6 build/default/production/mcc_generated_files/system.o
 __c30_signature
                  0x000704          0x6 build/default/production/mcc_generated_files/clock.o
 __c30_signature
                  0x00070a          0x6 build/default/production/mcc_generated_files/traps.o
 __c30_signature
                  0x000710          0x6 build/default/production/mcc_generated_files/ext_int.o
 __c30_signature
                  0x000716          0x6 build/default/production/mcc_generated_files/interrupt_manager.o
 __c30_signature
                  0x00071c          0x6 build/default/production/mcc_generated_files/mcc.o
 __c30_signature
                  0x000722          0x6 build/default/production/mcc_generated_files/uart1.o
 __c30_signature
                  0x000728          0x6 build/default/production/mcc_generated_files/pin_manager.o
 __c30_signature
                  0x00072e          0x6 build/default/production/mcc_generated_files/uart2.o
 __c30_signature
                  0x000734          0x6 build/default/production/mcc_generated_files/CRC.o
 __c30_signature
                  0x00073a          0x6 build/default/production/main.o
 __c30_signature
                  0x000740          0x6 c:/program files/microchip/xc16/v1.36/bin/bin/../../lib\liblega-pic30-elf.a(crt0_standard.o)
 __c30_signature
                  0x000746          0x6 c:/program files/microchip/xc16/v1.36/bin/bin/../../lib\liblega-pic30-elf.a(data_init_standard.o)

.nbss               0x0800         0x2a
 .nbss              0x0800         0x1e build/default/production/mcc_generated_files/uart2.o
                    0x0800                  _dirIn
                    0x0802                  _NoIn
                    0x0804                  _Crc
                    0x0806                  _SlaveID
                    0x0807                  _WriteSuccess
                    0x0812                  _pint
                    0x0814                  _contTx
                    0x0816                  _curr_state
                    0x0818                  _n
                    0x0819                  _auxRx
                    0x081a                  _UART2_TxDefaultInterruptHandler
                    0x081c                  _UART2_RxDefaultInterruptHandler
 .nbss              0x081e          0x6 build/default/production/main.o
                    0x081e                  _s
                    0x0820                  _t
 .nbss              0x0824          0x4 build/default/production/mcc_generated_files/uart1.o
                    0x0824                  _UART1_TxDefaultInterruptHandler
                    0x0826                  _UART1_RxDefaultInterruptHandler
 .nbss              0x0828          0x2 build/default/production/mcc_generated_files/tmr1.o
                    0x0828                  _TMR1_InterruptHandler

.ndata              0x082a          0x4
 .ndata             0x082a          0x2 build/default/production/mcc_generated_files/traps.o
 .ndata             0x082c          0x2 build/default/production/mcc_generated_files/uart2.o
                    0x082c                  _j

.bss                0x082e        0x332
 .bss               0x082e        0x332 build/default/production/mcc_generated_files/uart2.o
                    0x082e                  _InputRegister
                    0x08a6                  _OwnInputRegisters
                    0x091e                  _HoldingRegister
                    0x0996                  _CoilRegister
                    0x0a0e                  _DiscreteInputRegister
                    0x0a86                  _buffRx
                    0x0aea                  _buffTx

.data               0x0b60         0xf0
 .data              0x0b60         0xf0 build/default/production/mcc_generated_files/uart2.o
                    0x0b60                  _state_table

.bss                0x0c50         0x3c
 .bss               0x0c50         0x20 build/default/production/mcc_generated_files/traps.o
 .bss               0x0c70         0x1a build/default/production/mcc_generated_files/uart1.o
 .bss               0x0c8a          0x2 build/default/production/mcc_generated_files/tmr1.o

.ivt._T1Interrupt
                  0x00001a          0x2
 .ivt._T1Interrupt
                  0x00001a          0x2 build/default/production/mcc_generated_files/tmr1.o

.ivt._OscillatorFail
                  0x000006          0x2
 .ivt._OscillatorFail
                  0x000006          0x2 build/default/production/mcc_generated_files/traps.o

.ivt._StackError
                  0x00000a          0x2
 .ivt._StackError
                  0x00000a          0x2 build/default/production/mcc_generated_files/traps.o

.ivt._AddressError
                  0x000008          0x2
 .ivt._AddressError
                  0x000008          0x2 build/default/production/mcc_generated_files/traps.o

.ivt._MathError
                  0x00000c          0x2
 .ivt._MathError
                  0x00000c          0x2 build/default/production/mcc_generated_files/traps.o

.ivt._INT0Interrupt
                  0x000014          0x2
 .ivt._INT0Interrupt
                  0x000014          0x2 build/default/production/mcc_generated_files/ext_int.o

.config_JTAGEN    0x00abfe          0x2
 .config_JTAGEN
                  0x00abfe          0x2 build/default/production/mcc_generated_files/mcc.o

.config_IESO      0x00abfc          0x2
 .config_IESO     0x00abfc          0x2 build/default/production/mcc_generated_files/mcc.o

.ivt._U1TXInterrupt
                  0x00002c          0x2
 .ivt._U1TXInterrupt
                  0x00002c          0x2 build/default/production/mcc_generated_files/uart1.o

.ivt._U1RXInterrupt
                  0x00002a          0x2
 .ivt._U1RXInterrupt
                  0x00002a          0x2 build/default/production/mcc_generated_files/uart1.o

.ivt._U1ErrInterrupt
                  0x000096          0x2
 .ivt._U1ErrInterrupt
                  0x000096          0x2 build/default/production/mcc_generated_files/uart1.o

.ivt._U2TXInterrupt
                  0x000052          0x2
 .ivt._U2TXInterrupt
                  0x000052          0x2 build/default/production/mcc_generated_files/uart2.o

.ivt._U2RXInterrupt
                  0x000050          0x2
 .ivt._U2RXInterrupt
                  0x000050          0x2 build/default/production/mcc_generated_files/uart2.o

.ivt._U2ErrInterrupt
                  0x000098          0x2
 .ivt._U2ErrInterrupt
                  0x000098          0x2 build/default/production/mcc_generated_files/uart2.o

.const              0x845e        0x200 load address 0x00045e  
 .const             0x845e        0x200 build/default/production/mcc_generated_files/CRC.o

.text             0x00065e        0xafe
 .text            0x00065e        0x820 build/default/production/mcc_generated_files/uart2.o
                  0x00065e                  _UART2_Initialize
                  0x00067c                  _UART2_SetTxInterruptHandler
                  0x000688                  _UART2_Transmit_ISR
                  0x0006cc                  _UART2_SetRxInterruptHandler
                  0x0006d8                  _SLAVEADDRESS
                  0x000706                  _FUNCTION
                  0x00077e                  _BYTECOUNT
                  0x00079c                  _DATA
                  0x0007c6                  _CRC1Hi
                  0x0007e0                  _CRC1Lo
                  0x0008fe                  _COILADDRESS5HI
                  0x00091c                  _COILADDRESS5LO
                  0x00093a                  _FORCEDATA5Hi
                  0x000958                  _FORCEDATA5Lo
                  0x000976                  _CRC5Hi
                  0x000994                  _CRC5Lo
                  0x0009ea                  _REGISTERADDRESS6HI
                  0x000a04                  _REGISTERADDRESS6LO
                  0x000a1e                  _WRITEDATA6Hi
                  0x000a38                  _WRITEDATA6Lo
                  0x000a52                  _CRC6Hi
                  0x000a6c                  _CRC6Lo
                  0x000abe                  _ESPERASINCRONISMO
                  0x000ac4                  _Com_MODBUS_Init
                  0x000aca                  _Com_MODBUS_Read
                  0x000b2c                  _Com_MODBUS_Write
                  0x000b94                  _UART2_Receive_ISR
                  0x000be2                  _UART2_Read
                  0x000c0e                  _UART2_Write
                  0x000c38                  _UART2_IsRxReady
                  0x000c4e                  _UART2_IsTxReady
                  0x000c82                  _UART2_IsTxDone
                  0x000d12                  _UART2_ReadBuffer
                  0x000d4c                  _UART2_WriteBuffer
                  0x000d86                  _UART2_TransferStatusGet
                  0x000dca                  _UART2_Peek
                  0x000dea                  _UART2_ReceiveBufferIsEmpty
                  0x000dfa                  _UART2_TransmitBufferIsFull
                  0x000e0a                  _UART2_StatusGet
                  0x000e12                  _UART2_TransmitBufferSizeGet
                  0x000e3e                  _UART2_ReceiveBufferSizeGet
                  0x000e6a                  _UART2_Enable
                  0x000e74                  _UART2_Disable
 .text            0x000e7e        0x2de build/default/production/mcc_generated_files/uart1.o
                  0x000e7e                  _UART1_Initialize
                  0x000ec4                  _UART1_SetTxInterruptHandler
                  0x000ed0                  _UART1_Transmit_ISR
                  0x000f22                  _UART1_SetRxInterruptHandler
                  0x000f2e                  _UART1_Receive_ISR
                  0x000f70                  _UART1_Read
                  0x000fa6                  _UART1_ReadBuffer
                  0x000fda                  _UART1_Write
                  0x001010                  _UART1_WriteBuffer
                  0x001042                  _UART1_TransferStatusGet
                  0x00107e                  _UART1_Peek
                  0x0010a6                  _UART1_is_rx_ready
                  0x0010d8                  _UART1_is_tx_ready
                  0x00110c                  _UART1_ReceiveBufferIsEmpty
                  0x001124                  _UART1_TransmitBufferIsFull
                  0x00113c                  _UART1_StatusGet
                  0x001144                  _UART1_is_tx_done

.dinit            0x00115c         0xe8
 .dinit           0x00115c         0xe8 data_init

.text             0x001244        0x2e2
 .text            0x001244         0xba build/default/production/mcc_generated_files/tmr1.o
                  0x001244                  _TMR1_Initialize
                  0x00126a                  _TMR1_Period16BitSet
                  0x00127c                  _TMR1_Period16BitGet
                  0x001284                  _TMR1_Counter16BitSet
                  0x001296                  _TMR1_Counter16BitGet
                  0x00129e                  _TMR1_CallBack
                  0x0012a4                  _TMR1_SetInterruptHandler
                  0x0012b4                  _TMR1_Start
                  0x0012c4                  _TMR1_Stop
                  0x0012ce                  _TMR1_GetElapsedThenClear
                  0x0012e6                  _TMR1_SoftwareCounterGet
                  0x0012f2                  _TMR1_SoftwareCounterClear
 .text            0x0012fe         0x78 build/default/production/mcc_generated_files/clock.o
                  0x0012fe                  _CLOCK_Initialize
 .text            0x001376         0x6c build/default/production/mcc_generated_files/pin_manager.o
                  0x001376                  _PIN_MANAGER_Initialize
 .text            0x0013e2         0x68 build/default/production/main.o
                  0x0013e2                  _main
 .text            0x00144a         0x4e build/default/production/mcc_generated_files/CRC.o
                  0x00144a                  _CRC16
 .text            0x001498         0x4c build/default/production/mcc_generated_files/interrupt_manager.o
                  0x001498                  _INTERRUPT_Initialize
 .text            0x0014e4         0x16 build/default/production/mcc_generated_files/traps.o
                  0x0014e4                  _TRAPS_halt_on_error
 .text            0x0014fa         0x14 build/default/production/mcc_generated_files/system.o
                  0x0014fa                  _SYSTEM_Initialize
 .text            0x00150e         0x10 build/default/production/mcc_generated_files/ext_int.o
                  0x00150e                  _EX_INT0_CallBack
                  0x001514                  _EXT_INT_Initialize
 .text            0x00151e          0x8 build/default/production/mcc_generated_files/mcc.o
                  0x00151e                  _OSCILLATOR_Initialize
